<html>
<body>
<pre>
<h1>µVision Build Log</h1>
<h2>Tool Versions:</h2>
IDE-Version: µVision V5.16a
Copyright (C) 2015 ARM Ltd and ARM Germany GmbH. All rights reserved.
License Information: Barry Wu, RIT, LIC=----
 
Tool Versions:
Toolchain:       MDK-Lite  Version: 5.16a
Toolchain Path:  C:\Keil_v5\ARM\ARMCC\Bin
C Compiler:      Armcc.exe V5.06 (build 20)
Assembler:       Armasm.exe V5.06 (build 20)
Linker/Locator:  ArmLink.exe V5.06 (build 20)
Library Manager: ArmAr.exe V5.06 (build 20)
Hex Converter:   FromElf.exe V5.06 (build 20)
CPU DLL:         SARMCM3.DLL V5.16a
Dialog DLL:      DCM.DLL V1.13.2.0
Target DLL:      CMSIS_AGDI.dll V1.21.20.0
Dialog DLL:      TCM.DLL V1.14.5.0
 
<h2>Project:</h2>
C:\Users\Barry\Desktop\New Compressed (zipped) Folder\NXP\NXP.uvprojx
Project File Date:  04/13/2017

<h2>Output:</h2>
*** Using Compiler 'V5.06 (build 20)', folder: 'C:\Keil_v5\ARM\ARMCC\Bin'
Build target 'Target 1'
compiling NXP.c...
pwm.h(7): warning:  #1295-D: Deprecated declaration InitPWM - give arg types
  void InitPWM();
pwm.h(8): warning:  #1295-D: Deprecated declaration PWM_ISR - give arg types
  void PWM_ISR();
NXP.c(15): warning:  #1295-D: Deprecated declaration initialize - give arg types
  void initialize();
NXP.c(16): warning:  #1295-D: Deprecated declaration en_interrupts - give arg types
  void en_interrupts();
NXP.c(20): warning:  #1295-D: Deprecated declaration calculateDerivatives - give arg types
  void calculateDerivatives();
NXP.c(21): warning:  #1295-D: Deprecated declaration turn - give arg types
  void turn();
NXP.c(76): warning:  #111-D: statement is unreachable
        return 0;
NXP.c(202): warning:  #1035-D: single-precision operand implicitly converted to double-precision
                midpoint = (float)(derivativeMax1_index+derivativeMin1_index)/2.0;
NXP.c(207): warning:  #1035-D: single-precision operand implicitly converted to double-precision
                SetServoDutyCycle(7.0-(((64.0 - midpoint)/64.0)*1.0), 50);
NXP.c(208): warning:  #1035-D: single-precision operand implicitly converted to double-precision
                SetMotorDutyCycle(35 - (((midpoint)/64.0)*10), 35 + (((midpoint-64.0)/64.0)*10), 10000, 1);
NXP.c(208): warning:  #1035-D: single-precision operand implicitly converted to double-precision
                SetMotorDutyCycle(35 - (((midpoint)/64.0)*10), 35 + (((midpoint-64.0)/64.0)*10), 10000, 1);
NXP.c(467): warning:  #1-D: last line of file ends without a newline
  }
NXP.c: 12 warnings, 0 errors
linking...
Program Size: Code=5788 RO-data=1056 RW-data=28 ZI-data=2092  
".\Objects\NXP.axf" - 0 Error(s), 12 Warning(s).

<h2>Software Packages used:</h2>

Package Vendor: ARM
                http://www.keil.com/pack/ARM.CMSIS.4.4.0.pack
                ARM::CMSIS:CORE:4.2.0
                CMSIS (Cortex Microcontroller Software Interface Standard)
   * Component: CORE Version: 4.2.0

Package Vendor: Keil
                http://www.keil.com/pack/Keil.Kinetis_K60_DFP.1.4.0.pack
                Keil::Device:Startup:1.0.0
                Freescale Kinetis K60 Series Device Support and Examples
   * Component: Startup Version: 1.0.0

<h2>Collection of Component include folders:</h2>
  C:\Users\Barry\Desktop\New Compressed (zipped) Folder\NXP\RTE
  C:\Keil_v5\ARM\PACK\ARM\CMSIS\4.4.0\CMSIS\Include
  C:\Keil_v5\ARM\PACK\Keil\Kinetis_K60_DFP\1.4.0\Device\Include

<h2>Collection of Component Files used:</h2>

   * Component: ARM::CMSIS:CORE:4.2.0

   * Component: Keil::Device:Startup:1.0.0
      Source file:   Device\Source\ARM\startup_MK64F12.s
      Source file:   Device\Source\system_MK64F12.c
Build Time Elapsed:  00:00:05
</pre>
</body>
</html>
